WARNING: A terminally deprecated method in sun.misc.Unsafe has been called
WARNING: sun.misc.Unsafe::allocateMemory has been called by io.netty.util.internal.PlatformDependent0$2 (file:/Users/mac/.cache/firebase/emulators/cloud-firestore-emulator-v1.20.4.jar)
WARNING: Please consider reporting this to the maintainers of class io.netty.util.internal.PlatformDependent0$2
WARNING: sun.misc.Unsafe::allocateMemory will be removed in a future release
May 19, 2026 11:26:50 PM com.google.cloud.datastore.emulator.firestore.websocket.WebSocketServer start
INFO: Started WebSocket server on ws://127.0.0.1:9150

API endpoint: http://127.0.0.1:8080
Database Edition: STANDARD
Database Mode: CLOUD_FIRESTORE

If you are using a library that supports the FIRESTORE_EMULATOR_HOST environment variable, run:

   export FIRESTORE_EMULATOR_HOST=127.0.0.1:8080

If you are running a Firestore in Datastore Mode project, run:

   export DATASTORE_EMULATOR_HOST=127.0.0.1:8080

Note: Support for Datastore Mode is in preview. If you encounter any bugs please file at https://github.com/firebase/firebase-tools/issues.
Dev App Server is now running.

May 19, 2026 11:26:54 PM io.gapi.emulators.netty.HttpVersionRoutingHandler channelRead
INFO: Detected non-HTTP/2 connection.
May 19, 2026 11:26:54 PM io.gapi.emulators.netty.HttpVersionRoutingHandler channelRead
INFO: Detected non-HTTP/2 connection.
May 19, 2026 11:26:54 PM io.gapi.emulators.netty.HttpVersionRoutingHandler channelRead
INFO: Detected non-HTTP/2 connection.
May 19, 2026 11:26:54 PM io.gapi.emulators.netty.HttpVersionRoutingHandler channelRead
INFO: Detected non-HTTP/2 connection.
May 19, 2026 11:26:54 PM io.gapi.emulators.netty.HttpVersionRoutingHandler channelRead
INFO: Detected HTTP/2 connection.
May 19, 2026 11:26:58 PM io.gapi.emulators.netty.HttpVersionRoutingHandler channelRead
INFO: Detected HTTP/2 connection.
May 19, 2026 11:26:58 PM io.gapi.emulators.netty.HttpVersionRoutingHandler channelRead
INFO: Detected HTTP/2 connection.
May 19, 2026 11:26:58 PM io.gapi.emulators.netty.HttpVersionRoutingHandler channelRead
INFO: Detected HTTP/2 connection.
May 19, 2026 11:26:58 PM io.gapi.emulators.netty.HttpVersionRoutingHandler channelRead
INFO: Detected HTTP/2 connection.
May 19, 2026 11:27:00 PM io.grpc.internal.ServerCallImpl handleInternalError
WARNING: Cancelling the stream because of internal error
io.grpc.StatusRuntimeException: INTERNAL: Failed to frame message
	at io.grpc.Status.asRuntimeException(Status.java:524)
	at io.grpc.internal.MessageFramer.writePayload(MessageFramer.java:161)
	at io.grpc.internal.AbstractStream.writeMessage(AbstractStream.java:70)
	at io.grpc.internal.ServerCallImpl.sendMessageInternal(ServerCallImpl.java:168)
	at io.grpc.internal.ServerCallImpl.sendMessage(ServerCallImpl.java:152)
	at io.grpc.stub.ServerCalls$ServerCallStreamObserverImpl.onNext(ServerCalls.java:380)
	at com.google.cloud.datastore.emulator.impl.util.WrappedStreamObserver.onNext(WrappedStreamObserver.java:28)
	at com.google.cloud.datastore.emulator.impl.firestore.CloudFirestoreV1ListenStream.notifyCurrent(CloudFirestoreV1ListenStream.java:263)
	at com.google.cloud.datastore.emulator.impl.firestore.CloudFirestoreV1ListenStream.addTarget(CloudFirestoreV1ListenStream.java:384)
	at com.google.cloud.datastore.emulator.impl.firestore.CloudFirestoreV1ListenStream.onNext(CloudFirestoreV1ListenStream.java:209)
	at com.google.cloud.datastore.emulator.impl.firestore.CloudFirestoreV1ListenStream.onNext(CloudFirestoreV1ListenStream.java:66)
	at io.grpc.stub.ServerCalls$StreamingServerCallHandler$StreamingServerCallListener.onMessage(ServerCalls.java:262)
	at io.grpc.ForwardingServerCallListener.onMessage(ForwardingServerCallListener.java:33)
	at io.grpc.Contexts$ContextualizedServerCallListener.onMessage(Contexts.java:76)
	at io.grpc.ForwardingServerCallListener.onMessage(ForwardingServerCallListener.java:33)
	at io.grpc.Contexts$ContextualizedServerCallListener.onMessage(Contexts.java:76)
	at io.grpc.internal.ServerCallImpl$ServerStreamListenerImpl.messagesAvailableInternal(ServerCallImpl.java:334)
	at io.grpc.internal.ServerCallImpl$ServerStreamListenerImpl.messagesAvailable(ServerCallImpl.java:319)
	at io.grpc.internal.ServerImpl$JumpToApplicationThreadServerStreamListener$1MessagesAvailable.runInContext(ServerImpl.java:834)
	at io.grpc.internal.ContextRunnable.run(ContextRunnable.java:37)
	at io.grpc.internal.SerializingExecutor.run(SerializingExecutor.java:133)
	at java.base/java.util.concurrent.ThreadPoolExecutor.runWorker(ThreadPoolExecutor.java:1090)
	at java.base/java.util.concurrent.ThreadPoolExecutor$Worker.run(ThreadPoolExecutor.java:614)
	at java.base/java.lang.Thread.run(Thread.java:1474)
Caused by: java.lang.IllegalStateException: knownLengthPendingAllocation reached 0
	at com.google.common.base.Preconditions.checkState(Preconditions.java:568)
	at io.grpc.internal.MessageFramer.writeRaw(MessageFramer.java:293)
	at io.grpc.internal.MessageFramer$OutputStreamAdapter.write(MessageFramer.java:385)
	at com.google.protobuf.CodedOutputStream$OutputStreamEncoder.doFlush(CodedOutputStream.java:2194)
	at com.google.protobuf.CodedOutputStream$OutputStreamEncoder.flushIfNotAvailable(CodedOutputStream.java:2189)
	at com.google.protobuf.CodedOutputStream$OutputStreamEncoder.writeUInt64(CodedOutputStream.java:1902)
	at com.google.protobuf.CodedOutputStream.writeInt64(CodedOutputStream.java:207)
	at com.google.protobuf.Timestamp.writeTo(Timestamp.java:230)
	at com.google.protobuf.CodedOutputStream$OutputStreamEncoder.writeMessageNoTag(CodedOutputStream.java:2003)
	at com.google.protobuf.CodedOutputStream$OutputStreamEncoder.writeMessage(CodedOutputStream.java:1979)
	at com.google.firestore.v1.TargetChange.writeTo(TargetChange.java:496)
	at com.google.protobuf.CodedOutputStream$OutputStreamEncoder.writeMessageNoTag(CodedOutputStream.java:2003)
	at com.google.protobuf.CodedOutputStream$OutputStreamEncoder.writeMessage(CodedOutputStream.java:1979)
	at com.google.firestore.v1.ListenResponse.writeTo(ListenResponse.java:388)
	at com.google.protobuf.AbstractMessageLite.writeTo(AbstractMessageLite.java:78)
	at io.grpc.protobuf.lite.ProtoInputStream.drainTo(ProtoInputStream.java:52)
	at io.grpc.internal.MessageFramer.writeToOutputStream(MessageFramer.java:276)
	at io.grpc.internal.MessageFramer.writeKnownLengthUncompressed(MessageFramer.java:231)
	at io.grpc.internal.MessageFramer.writeUncompressed(MessageFramer.java:176)
	at io.grpc.internal.MessageFramer.writePayload(MessageFramer.java:147)
	... 22 more

*** shutting down gRPC server since JVM is shutting down
*** server shut down
