src/app/actions/admin-users.ts(15,54): error TS2304: Cannot find name 'ActionResponse'.
src/app/actions/admin-users.ts(55,12): error TS2304: Cannot find name 'ActionResponse'.
src/app/actions/admin.ts(837,12): error TS2304: Cannot find name 'ActionResponse'.
src/app/actions/admin.ts(1275,72): error TS2304: Cannot find name 'ActionResponse'.
src/app/actions/admin.ts(2018,18): error TS2304: Cannot find name 'ActionResponse'.
src/app/actions/admin.ts(2282,12): error TS2304: Cannot find name 'ActionResponse'.
src/app/actions/audit-log-actions.ts(22,37): error TS2304: Cannot find name 'ActionResponse'.
src/app/actions/audit-log-actions.ts(90,35): error TS2304: Cannot find name 'ActionResponse'.
src/app/actions/audit-log-actions.ts(146,71): error TS2304: Cannot find name 'ActionResponse'.
src/app/actions/data-recovery.ts(6,32): error TS2307: Cannot find module '@/lib/auth-utils' or its corresponding type declarations.
src/app/actions/village-market.ts(353,18): error TS2304: Cannot find name 'ActionResponse'.
src/app/actions/wave.ts(482,56): error TS2304: Cannot find name 'applicationId'.
src/app/admin/academy/applications/page.tsx(392,9): error TS2322: Type '(opts: any) => Promise<{ success: false; data: never[]; meta: { hasMore: boolean; }; error: string; lastDocId?: undefined; hasMore?: undefined; } | { success: true; data: any; lastDocId: string | null | undefined; hasMore: boolean | undefined; error: null; meta?: undefined; } | { ...; }>' is not assignable to type '(params: any) => Promise<{ success: boolean; data?: any; error?: string | null | undefined; loans?: any[] | undefined; properties?: any[] | undefined; users?: any[] | undefined; lastDocId?: string | undefined; cursor?: string | undefined; hasMore?: boolean | undefined; meta?: any; }>'.
  Type 'Promise<{ success: false; data: never[]; meta: { hasMore: boolean; }; error: string; lastDocId?: undefined; hasMore?: undefined; } | { success: true; data: any; lastDocId: string | null | undefined; hasMore: boolean | undefined; error: null; meta?: undefined; } | { ...; }>' is not assignable to type 'Promise<{ success: boolean; data?: any; error?: string | null | undefined; loans?: any[] | undefined; properties?: any[] | undefined; users?: any[] | undefined; lastDocId?: string | undefined; cursor?: string | undefined; hasMore?: boolean | undefined; meta?: any; }>'.
    Type '{ success: false; data: never[]; meta: { hasMore: boolean; }; error: string; lastDocId?: undefined; hasMore?: undefined; } | { success: true; data: any; lastDocId: string | null | undefined; hasMore: boolean | undefined; error: null; meta?: undefined; } | { ...; }' is not assignable to type '{ success: boolean; data?: any; error?: string | null | undefined; loans?: any[] | undefined; properties?: any[] | undefined; users?: any[] | undefined; lastDocId?: string | undefined; cursor?: string | undefined; hasMore?: boolean | undefined; meta?: any; }'.
      Type '{ success: true; data: any; lastDocId: string | null | undefined; hasMore: boolean | undefined; error: null; meta?: undefined; }' is not assignable to type '{ success: boolean; data?: any; error?: string | null | undefined; loans?: any[] | undefined; properties?: any[] | undefined; users?: any[] | undefined; lastDocId?: string | undefined; cursor?: string | undefined; hasMore?: boolean | undefined; meta?: any; }'.
        Types of property 'lastDocId' are incompatible.
          Type 'string | null | undefined' is not assignable to type 'string | undefined'.
            Type 'null' is not assignable to type 'string | undefined'.
src/app/admin/academy/page.tsx(26,9): error TS2322: Type '(opts: any) => Promise<{ data: Course[]; success: false; error: string; meta?: any; } | { data: Course[]; success: false; error: string; lastDocId?: string | null | undefined; hasMore?: boolean | undefined; meta?: any; } | { ...; }>' is not assignable to type '(params: any) => Promise<{ success: boolean; data?: any; error?: string | null | undefined; loans?: any[] | undefined; properties?: any[] | undefined; users?: any[] | undefined; lastDocId?: string | undefined; cursor?: string | undefined; hasMore?: boolean | undefined; meta?: any; }>'.
  Type 'Promise<{ data: Course[]; success: false; error: string; meta?: any; } | { data: Course[]; success: false; error: string; lastDocId?: string | null | undefined; hasMore?: boolean | undefined; meta?: any; } | { ...; }>' is not assignable to type 'Promise<{ success: boolean; data?: any; error?: string | null | undefined; loans?: any[] | undefined; properties?: any[] | undefined; users?: any[] | undefined; lastDocId?: string | undefined; cursor?: string | undefined; hasMore?: boolean | undefined; meta?: any; }>'.
    Type '{ data: Course[]; success: false; error: string; meta?: any; } | { data: Course[]; success: false; error: string; lastDocId?: string | null | undefined; hasMore?: boolean | undefined; meta?: any; } | { ...; }' is not assignable to type '{ success: boolean; data?: any; error?: string | null | undefined; loans?: any[] | undefined; properties?: any[] | undefined; users?: any[] | undefined; lastDocId?: string | undefined; cursor?: string | undefined; hasMore?: boolean | undefined; meta?: any; }'.
      Type '{ data: Course[]; success: false; error: string; lastDocId?: string | null; hasMore?: boolean; meta?: any; }' is not assignable to type '{ success: boolean; data?: any; error?: string | null | undefined; loans?: any[] | undefined; properties?: any[] | undefined; users?: any[] | undefined; lastDocId?: string | undefined; cursor?: string | undefined; hasMore?: boolean | undefined; meta?: any; }'.
        Types of property 'lastDocId' are incompatible.
          Type 'string | null | undefined' is not assignable to type 'string | undefined'.
            Type 'null' is not assignable to type 'string | undefined'.
src/app/admin/cooperatives/loans/page.tsx(56,9): error TS2322: Type '(opts: any) => Promise<{ success: boolean; data: any[]; lastDocId: string | null | undefined; hasMore: boolean | undefined; error: string | null; }>' is not assignable to type '(params: any) => Promise<{ success: boolean; data?: any; error?: string | null | undefined; loans?: any[] | undefined; properties?: any[] | undefined; users?: any[] | undefined; lastDocId?: string | undefined; cursor?: string | undefined; hasMore?: boolean | undefined; meta?: any; }>'.
  Type 'Promise<{ success: boolean; data: any[]; lastDocId: string | null | undefined; hasMore: boolean | undefined; error: string | null; }>' is not assignable to type 'Promise<{ success: boolean; data?: any; error?: string | null | undefined; loans?: any[] | undefined; properties?: any[] | undefined; users?: any[] | undefined; lastDocId?: string | undefined; cursor?: string | undefined; hasMore?: boolean | undefined; meta?: any; }>'.
    Type '{ success: boolean; data: any[]; lastDocId: string | null | undefined; hasMore: boolean | undefined; error: string | null; }' is not assignable to type '{ success: boolean; data?: any; error?: string | null | undefined; loans?: any[] | undefined; properties?: any[] | undefined; users?: any[] | undefined; lastDocId?: string | undefined; cursor?: string | undefined; hasMore?: boolean | undefined; meta?: any; }'.
      Types of property 'lastDocId' are incompatible.
        Type 'string | null | undefined' is not assignable to type 'string | undefined'.
          Type 'null' is not assignable to type 'string | undefined'.
src/app/admin/export/applications/page.tsx(242,42): error TS7006: Parameter 'a' implicitly has an 'any' type.
src/app/admin/export/applications/page.tsx(257,60): error TS7006: Parameter 'c' implicitly has an 'any' type.
src/app/admin/farm-nation/land-verification/page.tsx(48,9): error TS2322: Type '(options?: { limit?: number | undefined; search?: string | undefined; status?: string | undefined; lastDocId?: string | undefined; sortOrder?: "desc" | "asc" | undefined; } | undefined) => Promise<...>' is not assignable to type '(params: any) => Promise<{ success: boolean; data?: any; error?: string | null | undefined; loans?: any[] | undefined; properties?: any[] | undefined; users?: any[] | undefined; lastDocId?: string | undefined; cursor?: string | undefined; hasMore?: boolean | undefined; meta?: any; }>'.
  Type 'Promise<{ success: false; error: string; data: null; meta?: any; } | ActionResponse<any[]>>' is not assignable to type 'Promise<{ success: boolean; data?: any; error?: string | null | undefined; loans?: any[] | undefined; properties?: any[] | undefined; users?: any[] | undefined; lastDocId?: string | undefined; cursor?: string | undefined; hasMore?: boolean | undefined; meta?: any; }>'.
    Type '{ success: false; error: string; data: null; meta?: any; } | ActionResponse<any[]>' is not assignable to type '{ success: boolean; data?: any; error?: string | null | undefined; loans?: any[] | undefined; properties?: any[] | undefined; users?: any[] | undefined; lastDocId?: string | undefined; cursor?: string | undefined; hasMore?: boolean | undefined; meta?: any; }'.
      Type '{ success: false; error: string; data: null; lastDocId?: string | null | undefined; hasMore?: boolean | undefined; meta?: any; }' is not assignable to type '{ success: boolean; data?: any; error?: string | null | undefined; loans?: any[] | undefined; properties?: any[] | undefined; users?: any[] | undefined; lastDocId?: string | undefined; cursor?: string | undefined; hasMore?: boolean | undefined; meta?: any; }'.
        Types of property 'lastDocId' are incompatible.
          Type 'string | null | undefined' is not assignable to type 'string | undefined'.
            Type 'null' is not assignable to type 'string | undefined'.
src/app/admin/farm-nation/listings/page.tsx(31,9): error TS2322: Type '(options?: { limit?: number | undefined; search?: string | undefined; status?: string | undefined; lastDocId?: string | undefined; sortOrder?: "desc" | "asc" | undefined; } | undefined) => Promise<...>' is not assignable to type '(params: any) => Promise<{ success: boolean; data?: any; error?: string | null | undefined; loans?: any[] | undefined; properties?: any[] | undefined; users?: any[] | undefined; lastDocId?: string | undefined; cursor?: string | undefined; hasMore?: boolean | undefined; meta?: any; }>'.
  Type 'Promise<{ success: false; error: string; data: null; meta?: any; } | ActionResponse<any[]>>' is not assignable to type 'Promise<{ success: boolean; data?: any; error?: string | null | undefined; loans?: any[] | undefined; properties?: any[] | undefined; users?: any[] | undefined; lastDocId?: string | undefined; cursor?: string | undefined; hasMore?: boolean | undefined; meta?: any; }>'.
    Type '{ success: false; error: string; data: null; meta?: any; } | ActionResponse<any[]>' is not assignable to type '{ success: boolean; data?: any; error?: string | null | undefined; loans?: any[] | undefined; properties?: any[] | undefined; users?: any[] | undefined; lastDocId?: string | undefined; cursor?: string | undefined; hasMore?: boolean | undefined; meta?: any; }'.
      Type '{ success: false; error: string; data: null; lastDocId?: string | null | undefined; hasMore?: boolean | undefined; meta?: any; }' is not assignable to type '{ success: boolean; data?: any; error?: string | null | undefined; loans?: any[] | undefined; properties?: any[] | undefined; users?: any[] | undefined; lastDocId?: string | undefined; cursor?: string | undefined; hasMore?: boolean | undefined; meta?: any; }'.
        Types of property 'lastDocId' are incompatible.
          Type 'string | null | undefined' is not assignable to type 'string | undefined'.
            Type 'null' is not assignable to type 'string | undefined'.
src/app/admin/marketplace/withdrawals/page.tsx(51,9): error TS2322: Type '(opts: any) => Promise<{ success: boolean; data: any[]; lastDocId: string | null | undefined; hasMore: boolean | undefined; error: string | null; }>' is not assignable to type '(params: any) => Promise<{ success: boolean; data?: any; error?: string | null | undefined; loans?: any[] | undefined; properties?: any[] | undefined; users?: any[] | undefined; lastDocId?: string | undefined; cursor?: string | undefined; hasMore?: boolean | undefined; meta?: any; }>'.
  Type 'Promise<{ success: boolean; data: any[]; lastDocId: string | null | undefined; hasMore: boolean | undefined; error: string | null; }>' is not assignable to type 'Promise<{ success: boolean; data?: any; error?: string | null | undefined; loans?: any[] | undefined; properties?: any[] | undefined; users?: any[] | undefined; lastDocId?: string | undefined; cursor?: string | undefined; hasMore?: boolean | undefined; meta?: any; }>'.
    Type '{ success: boolean; data: any[]; lastDocId: string | null | undefined; hasMore: boolean | undefined; error: string | null; }' is not assignable to type '{ success: boolean; data?: any; error?: string | null | undefined; loans?: any[] | undefined; properties?: any[] | undefined; users?: any[] | undefined; lastDocId?: string | undefined; cursor?: string | undefined; hasMore?: boolean | undefined; meta?: any; }'.
      Types of property 'lastDocId' are incompatible.
        Type 'string | null | undefined' is not assignable to type 'string | undefined'.
          Type 'null' is not assignable to type 'string | undefined'.
src/app/admin/wave/training/page.tsx(101,28): error TS2769: No overload matches this call.
  Overload 1 of 4, '(value: string | number | Date): Date', gave the following error.
    Argument of type 'string | Date | FieldValue | Timestamp' is not assignable to parameter of type 'string | number | Date'.
      Type 'FieldValue' is not assignable to type 'string | number | Date'.
  Overload 2 of 4, '(value: string | number): Date', gave the following error.
    Argument of type 'string | Date | FieldValue | Timestamp' is not assignable to parameter of type 'string | number'.
      Type 'Date' is not assignable to type 'string | number'.
src/app/admin/wave/training/page.tsx(290,87): error TS2769: No overload matches this call.
  Overload 1 of 4, '(value: string | number | Date): Date', gave the following error.
    Argument of type 'string | Date | FieldValue | Timestamp' is not assignable to parameter of type 'string | number | Date'.
      Type 'FieldValue' is not assignable to type 'string | number | Date'.
  Overload 2 of 4, '(value: string | number): Date', gave the following error.
    Argument of type 'string | Date | FieldValue | Timestamp' is not assignable to parameter of type 'string | number'.
      Type 'Date' is not assignable to type 'string | number'.
src/app/dashboard/reviews/page.tsx(74,35): error TS2339: Property 'reviews' does not exist on type '{ success: true; error: null; data: { reviews: ProductReview[]; }; lastDocId?: string | null | undefined; hasMore?: boolean | undefined; meta?: any; }'.
src/app/dashboard/wallet/page.tsx(75,32): error TS2339: Property 'wallet' does not exist on type '{ success: true; error: null; data: Wallet; lastDocId?: string | null | undefined; hasMore?: boolean | undefined; meta?: any; }'.
src/app/dashboard/wallet/page.tsx(75,54): error TS2339: Property 'wallet' does not exist on type '{ success: true; error: null; data: Wallet; lastDocId?: string | null | undefined; hasMore?: boolean | undefined; meta?: any; }'.
src/app/dashboard/wallet/page.tsx(85,32): error TS2339: Property 'transactions' does not exist on type '{ success: true; error: null; data: { transactions: WalletTransaction[]; hasMore: boolean; }; lastDocId?: string | null | undefined; hasMore?: boolean | undefined; meta?: any; }'.
src/app/dashboard/wallet/page.tsx(86,49): error TS2339: Property 'transactions' does not exist on type '{ success: true; error: null; data: { transactions: WalletTransaction[]; hasMore: boolean; }; lastDocId?: string | null | undefined; hasMore?: boolean | undefined; meta?: any; }'.
src/app/dashboard/wallet/page.tsx(86,82): error TS2339: Property 'transactions' does not exist on type '{ success: true; error: null; data: { transactions: WalletTransaction[]; hasMore: boolean; }; lastDocId?: string | null | undefined; hasMore?: boolean | undefined; meta?: any; }'.
src/app/dashboard/wallet/page.tsx(88,21): error TS2339: Property 'transactions' does not exist on type '{ success: true; error: null; data: { transactions: WalletTransaction[]; hasMore: boolean; }; lastDocId?: string | null | undefined; hasMore?: boolean | undefined; meta?: any; }'.
src/app/dashboard/wallet/page.tsx(89,31): error TS2339: Property 'transactions' does not exist on type '{ success: true; error: null; data: { transactions: WalletTransaction[]; hasMore: boolean; }; lastDocId?: string | null | undefined; hasMore?: boolean | undefined; meta?: any; }'.
src/app/dashboard/wallet/page.tsx(89,48): error TS2339: Property 'transactions' does not exist on type '{ success: true; error: null; data: { transactions: WalletTransaction[]; hasMore: boolean; }; lastDocId?: string | null | undefined; hasMore?: boolean | undefined; meta?: any; }'.
src/app/dashboard/wallet/page.tsx(103,32): error TS2339: Property 'authorizationUrl' does not exist on type '{ success: true; error: null; data: { authorizationUrl: string; reference: string; }; lastDocId?: string | null | undefined; hasMore?: boolean | undefined; meta?: any; }'.
src/app/dashboard/wallet/page.tsx(105,40): error TS2339: Property 'authorizationUrl' does not exist on type '{ success: true; error: null; data: { authorizationUrl: string; reference: string; }; lastDocId?: string | null | undefined; hasMore?: boolean | undefined; meta?: any; }'.
src/app/marketplace/checkout/page.tsx(65,23): error TS2322: Type '{ id: string; title: string; sellerId: string; price: number; quantity: number; unit: string; selectedTier: "export" | "retail" | "bulk"; addedAt: string; }[]' is not assignable to type 'CartItem[]'.
  Type '{ id: string; title: string; sellerId: string; price: number; quantity: number; unit: string; selectedTier: "export" | "retail" | "bulk"; addedAt: string; }' is not assignable to type 'CartItem'.
    Types of property 'addedAt' are incompatible.
      Type 'string' is not assignable to type 'Date | FieldValue | Timestamp'.
src/app/marketplace/checkout/page.tsx(122,19): error TS2322: Type '{ id: string; title: string; sellerId: string; price: number; quantity: number; unit: string; selectedTier: "export" | "retail" | "bulk"; addedAt: string; }[]' is not assignable to type 'CartItem[]'.
  Type '{ id: string; title: string; sellerId: string; price: number; quantity: number; unit: string; selectedTier: "export" | "retail" | "bulk"; addedAt: string; }' is not assignable to type 'CartItem'.
    Types of property 'addedAt' are incompatible.
      Type 'string' is not assignable to type 'Date | FieldValue | Timestamp'.
src/app/marketplace/seller/analytics/page.tsx(47,30): error TS2345: Argument of type '{ prevMonthRevenue: number; prevTotalSales: number; prevActiveListings: number; }' is not assignable to parameter of type 'SetStateAction<{ totalSales: number; activeListings: number; pendingOrders: number; monthlyRevenue: number; conversionRate: number; averageRating: number; prevMonthRevenue: number; prevTotalSales: number; prevActiveListings: number; }>'.
  Type '{ prevMonthRevenue: number; prevTotalSales: number; prevActiveListings: number; }' is missing the following properties from type '{ totalSales: number; activeListings: number; pendingOrders: number; monthlyRevenue: number; conversionRate: number; averageRating: number; prevMonthRevenue: number; prevTotalSales: number; prevActiveListings: number; }': totalSales, activeListings, pendingOrders, monthlyRevenue, and 2 more.
src/app/marketplace/seller/dashboard/page.tsx(50,30): error TS2345: Argument of type '{}' is not assignable to parameter of type 'SetStateAction<{ totalSales: number; activeListings: number; pendingOrders: number; monthlyRevenue: number; conversionRate: number; averageRating: number; }>'.
src/app/wave/(member)/dashboard/page.tsx(59,26): error TS2345: Argument of type '{ resourcesAccessed: number; trainingsCompleted: number; daysActive: number; }' is not assignable to parameter of type 'SetStateAction<{ resourcesAccessed: number; trainingsRegistered: number; trainingsCompleted: number; daysActive: number; }>'.
  Property 'trainingsRegistered' is missing in type '{ resourcesAccessed: number; trainingsCompleted: number; daysActive: number; }' but required in type '{ resourcesAccessed: number; trainingsRegistered: number; trainingsCompleted: number; daysActive: number; }'.
src/app/wave/(member)/dashboard/page.tsx(264,59): error TS2769: No overload matches this call.
  Overload 1 of 4, '(value: string | number | Date): Date', gave the following error.
    Argument of type 'string | Date | FieldValue | Timestamp' is not assignable to parameter of type 'string | number | Date'.
      Type 'FieldValue' is not assignable to type 'string | number | Date'.
  Overload 2 of 4, '(value: string | number): Date', gave the following error.
    Argument of type 'string | Date | FieldValue | Timestamp' is not assignable to parameter of type 'string | number'.
      Type 'Date' is not assignable to type 'string | number'.
src/app/wave/(member)/profile/page.tsx(53,26): error TS2345: Argument of type '{ resourcesAccessed: number; trainingsCompleted: number; daysActive: number; }' is not assignable to parameter of type 'SetStateAction<{ resourcesAccessed: number; trainingsRegistered: number; trainingsCompleted: number; daysActive: number; }>'.
  Property 'trainingsRegistered' is missing in type '{ resourcesAccessed: number; trainingsCompleted: number; daysActive: number; }' but required in type '{ resourcesAccessed: number; trainingsRegistered: number; trainingsCompleted: number; daysActive: number; }'.
src/app/wave/(member)/training/page.tsx(205,59): error TS2769: No overload matches this call.
  Overload 1 of 4, '(value: string | number | Date): Date', gave the following error.
    Argument of type 'string | Date | FieldValue | Timestamp' is not assignable to parameter of type 'string | number | Date'.
      Type 'FieldValue' is not assignable to type 'string | number | Date'.
  Overload 2 of 4, '(value: string | number): Date', gave the following error.
    Argument of type 'string | Date | FieldValue | Timestamp' is not assignable to parameter of type 'string | number'.
      Type 'Date' is not assignable to type 'string | number'.
src/components/marketplace/ProductReviewsSection.tsx(54,35): error TS2339: Property 'reviews' does not exist on type '{ success: true; error: null; data: { reviews: ProductReview[]; }; lastDocId?: string | null | undefined; hasMore?: boolean | undefined; meta?: any; }'.
