scratch-api-count.ts(24,70): error TS2339: Property 'totalCount' does not exist on type 'ActionResponse<unknown>'.
  Property 'totalCount' does not exist on type '{ success: false; error: string; }'.
scratch-api-count.ts(25,57): error TS2339: Property 'users' does not exist on type 'ActionResponse<unknown>'.
  Property 'users' does not exist on type '{ success: false; error: string; }'.
src/app/actions/admin.ts(3328,86): error TS2345: Argument of type '(statusFilter?: "pending" | "approved" | "rejected" | undefined, limit?: number, lastCreatedAt?: string | Date | undefined) => Promise<{ error: string | null; success: boolean; data?: any[] | undefined; hasMore?: boolean | undefined; }>' is not assignable to parameter of type '(statusFilter?: "pending" | "approved" | "rejected" | undefined, limit?: number | undefined, lastCreatedAt?: string | Date | undefined) => Promise<ActionResponse<unknown>>'.
  Type 'Promise<{ error: string | null; success: boolean; data?: any[] | undefined; hasMore?: boolean | undefined; }>' is not assignable to type 'Promise<ActionResponse<unknown>>'.
    Type '{ error: string | null; success: boolean; data?: any[] | undefined; hasMore?: boolean | undefined; }' is not assignable to type 'ActionResponse<unknown>'.
      Type '{ error: string | null; success: boolean; data?: any[] | undefined; hasMore?: boolean | undefined; }' is not assignable to type '{ success: true; data?: unknown; }'.
        Types of property 'success' are incompatible.
          Type 'boolean' is not assignable to type 'true'.
src/app/actions/admin.ts(3329,90): error TS2345: Argument of type '(limit?: number, lastCreatedAt?: string | Date | undefined, statusFilter?: "pending" | "rejected" | "completed" | "approved_pending_payout" | "all") => Promise<{ error: string | null; success: boolean; data?: any[] | undefined; hasMore?: boolean | undefined; }>' is not assignable to parameter of type '(limit?: number | undefined, lastCreatedAt?: string | Date | undefined, statusFilter?: "pending" | "rejected" | "completed" | "approved_pending_payout" | "all" | undefined) => Promise<...>'.
  Type 'Promise<{ error: string | null; success: boolean; data?: any[] | undefined; hasMore?: boolean | undefined; }>' is not assignable to type 'Promise<ActionResponse<unknown>>'.
    Type '{ error: string | null; success: boolean; data?: any[] | undefined; hasMore?: boolean | undefined; }' is not assignable to type 'ActionResponse<unknown>'.
      Type '{ error: string | null; success: boolean; data?: any[] | undefined; hasMore?: boolean | undefined; }' is not assignable to type '{ success: true; data?: unknown; }'.
        Types of property 'success' are incompatible.
          Type 'boolean' is not assignable to type 'true'.
src/app/actions/admin.ts(3330,80): error TS2345: Argument of type '(limit?: number) => Promise<{ error: string | null; success: boolean; listings?: any[] | undefined; }>' is not assignable to parameter of type '(limit?: number | undefined) => Promise<ActionResponse<unknown>>'.
  Type 'Promise<{ error: string | null; success: boolean; listings?: any[] | undefined; }>' is not assignable to type 'Promise<ActionResponse<unknown>>'.
    Type '{ error: string | null; success: boolean; listings?: any[] | undefined; }' is not assignable to type 'ActionResponse<unknown>'.
      Type '{ error: string | null; success: boolean; listings?: any[] | undefined; }' is not assignable to type '{ success: false; error: string; }'.
        Types of property 'success' are incompatible.
          Type 'boolean' is not assignable to type 'false'.
src/app/actions/admin.ts(3332,88): error TS2345: Argument of type '() => Promise<{ error: string | null; success: boolean; applications?: any[] | undefined; }>' is not assignable to parameter of type '() => Promise<ActionResponse<unknown>>'.
  Type 'Promise<{ error: string | null; success: boolean; applications?: any[] | undefined; }>' is not assignable to type 'Promise<ActionResponse<unknown>>'.
    Type '{ error: string | null; success: boolean; applications?: any[] | undefined; }' is not assignable to type 'ActionResponse<unknown>'.
      Type '{ error: string | null; success: boolean; applications?: any[] | undefined; }' is not assignable to type '{ success: false; error: string; }'.
        Types of property 'success' are incompatible.
          Type 'boolean' is not assignable to type 'false'.
src/app/actions/admin.ts(3333,88): error TS2345: Argument of type '(statusFilter?: "pending" | "completed" | "all" | "in_transit" | "delivered" | undefined, limit?: number, lastDocId?: string | undefined) => Promise<{ error: string | null; success: boolean; exports?: any[] | undefined; hasMore?: boolean | undefined; }>' is not assignable to parameter of type '(statusFilter?: "pending" | "completed" | "all" | "in_transit" | "delivered" | undefined, limit?: number | undefined, lastDocId?: string | undefined) => Promise<ActionResponse<unknown>>'.
  Type 'Promise<{ error: string | null; success: boolean; exports?: any[] | undefined; hasMore?: boolean | undefined; }>' is not assignable to type 'Promise<ActionResponse<unknown>>'.
    Type '{ error: string | null; success: boolean; exports?: any[] | undefined; hasMore?: boolean | undefined; }' is not assignable to type 'ActionResponse<unknown>'.
      Type '{ error: string | null; success: boolean; exports?: any[] | undefined; hasMore?: boolean | undefined; }' is not assignable to type '{ success: false; error: string; }'.
        Types of property 'success' are incompatible.
          Type 'boolean' is not assignable to type 'false'.
src/app/actions/admin.ts(3337,64): error TS2345: Argument of type '(options?: GetUsersOptions) => Promise<{ error: string | null; success: boolean; users?: any[] | undefined; lastDocId?: string | undefined; hasMore?: boolean | undefined; totalCount?: number | undefined; }>' is not assignable to parameter of type '(options?: GetUsersOptions | undefined) => Promise<ActionResponse<unknown>>'.
  Type 'Promise<{ error: string | null; success: boolean; users?: any[] | undefined; lastDocId?: string | undefined; hasMore?: boolean | undefined; totalCount?: number | undefined; }>' is not assignable to type 'Promise<ActionResponse<unknown>>'.
    Type '{ error: string | null; success: boolean; users?: any[] | undefined; lastDocId?: string | undefined; hasMore?: boolean | undefined; totalCount?: number | undefined; }' is not assignable to type 'ActionResponse<unknown>'.
      Type '{ error: string | null; success: boolean; users?: any[] | undefined; lastDocId?: string | undefined; hasMore?: boolean | undefined; totalCount?: number | undefined; }' is not assignable to type '{ success: false; error: string; }'.
        Types of property 'success' are incompatible.
          Type 'boolean' is not assignable to type 'false'.
src/app/actions/admin.ts(3342,100): error TS2345: Argument of type '() => Promise<{ success: boolean; data?: { pending: number; approved: number; rejected: number; resubmitted: number; } | undefined; error?: string | undefined; }>' is not assignable to parameter of type '() => Promise<ActionResponse<{ pending: number; approved: number; rejected: number; resubmitted: number; }>>'.
  Type 'Promise<{ success: boolean; data?: { pending: number; approved: number; rejected: number; resubmitted: number; } | undefined; error?: string | undefined; }>' is not assignable to type 'Promise<ActionResponse<{ pending: number; approved: number; rejected: number; resubmitted: number; }>>'.
    Type '{ success: boolean; data?: { pending: number; approved: number; rejected: number; resubmitted: number; } | undefined; error?: string | undefined; }' is not assignable to type 'ActionResponse<{ pending: number; approved: number; rejected: number; resubmitted: number; }>'.
      Type '{ success: boolean; data?: { pending: number; approved: number; rejected: number; resubmitted: number; } | undefined; error?: string | undefined; }' is not assignable to type '{ success: true; data?: { pending: number; approved: number; rejected: number; resubmitted: number; } | undefined; }'.
        Types of property 'success' are incompatible.
          Type 'boolean' is not assignable to type 'true'.
src/app/actions/admin.ts(3343,106): error TS2345: Argument of type '(options?: { limit?: number | undefined; search?: string | undefined; status?: "pending" | "approved" | "rejected" | "all" | "pending_review" | "revision_required" | undefined; lastDocId?: string | undefined; }) => Promise<...>' is not assignable to parameter of type '(options?: { limit?: number | undefined; search?: string | undefined; status?: "pending" | "approved" | "rejected" | "all" | "pending_review" | "revision_required" | undefined; lastDocId?: string | undefined; } | undefined) => Promise<...>'.
  Type 'Promise<{ success: boolean; data?: any[] | undefined; error?: string | undefined; meta?: any; lastDocId?: string | undefined; hasMore?: boolean | undefined; }>' is not assignable to type 'Promise<ActionResponse<any[]>>'.
    Type '{ success: boolean; data?: any[] | undefined; error?: string | undefined; meta?: any; lastDocId?: string | undefined; hasMore?: boolean | undefined; }' is not assignable to type 'ActionResponse<any[]>'.
      Type '{ success: boolean; data?: any[] | undefined; error?: string | undefined; meta?: any; lastDocId?: string | undefined; hasMore?: boolean | undefined; }' is not assignable to type '{ success: true; data?: any[] | undefined; }'.
        Types of property 'success' are incompatible.
          Type 'boolean' is not assignable to type 'true'.
src/app/actions/admin.ts(3345,92): error TS2345: Argument of type '(statusFilter?: "pending" | "approved" | "rejected" | "under_review" | undefined) => Promise<{ error: string | null; success: boolean; data?: any[] | undefined; }>' is not assignable to parameter of type '(statusFilter?: "pending" | "approved" | "rejected" | "under_review" | undefined) => Promise<ActionResponse<unknown>>'.
  Type 'Promise<{ error: string | null; success: boolean; data?: any[] | undefined; }>' is not assignable to type 'Promise<ActionResponse<unknown>>'.
    Type '{ error: string | null; success: boolean; data?: any[] | undefined; }' is not assignable to type 'ActionResponse<unknown>'.
      Type '{ error: string | null; success: boolean; data?: any[] | undefined; }' is not assignable to type '{ success: true; data?: unknown; }'.
        Types of property 'success' are incompatible.
          Type 'boolean' is not assignable to type 'true'.
src/app/actions/admin.ts(3350,86): error TS2345: Argument of type '() => Promise<{ platformName: string; supportEmail: string; contactPhone: string; defaultCurrency: string; maintenanceMode: boolean; }>' is not assignable to parameter of type '() => Promise<ActionResponse<unknown>>'.
  Type 'Promise<{ platformName: string; supportEmail: string; contactPhone: string; defaultCurrency: string; maintenanceMode: boolean; }>' is not assignable to type 'Promise<ActionResponse<unknown>>'.
    Type '{ platformName: string; supportEmail: string; contactPhone: string; defaultCurrency: string; maintenanceMode: boolean; }' is not assignable to type 'ActionResponse<unknown>'.
src/app/actions/admin.ts(3354,84): error TS2345: Argument of type '(data: { email: string; firstName?: string | undefined; }) => Promise<{ error: string | null; success: boolean; }>' is not assignable to parameter of type '(data: { email: string; firstName?: string | undefined; }) => Promise<ActionResponse<unknown>>'.
  Type 'Promise<{ error: string | null; success: boolean; }>' is not assignable to type 'Promise<ActionResponse<unknown>>'.
    Type '{ error: string | null; success: boolean; }' is not assignable to type 'ActionResponse<unknown>'.
      Type '{ error: string | null; success: boolean; }' is not assignable to type '{ success: false; error: string; }'.
        Types of property 'success' are incompatible.
          Type 'boolean' is not assignable to type 'false'.
src/app/actions/admin.ts(3355,108): error TS2345: Argument of type '(statusFilter?: "pending" | "approved" | "rejected" | "all" | "suspended" | undefined, cursorId?: string | undefined, limitCount?: number) => Promise<{ success: boolean; data?: any[] | undefined; error?: string | undefined; meta?: any; }>' is not assignable to parameter of type '(statusFilter?: "pending" | "approved" | "rejected" | "all" | "suspended" | undefined, cursorId?: string | undefined, limitCount?: number | undefined) => Promise<ActionResponse<any[]>>'.
  Type 'Promise<{ success: boolean; data?: any[] | undefined; error?: string | undefined; meta?: any; }>' is not assignable to type 'Promise<ActionResponse<any[]>>'.
    Type '{ success: boolean; data?: any[] | undefined; error?: string | undefined; meta?: any; }' is not assignable to type 'ActionResponse<any[]>'.
      Type '{ success: boolean; data?: any[] | undefined; error?: string | undefined; meta?: any; }' is not assignable to type '{ success: true; data?: any[] | undefined; }'.
        Types of property 'success' are incompatible.
          Type 'boolean' is not assignable to type 'true'.
src/app/actions/admin.ts(3356,86): error TS2345: Argument of type '(options?: { limit?: number | undefined; search?: string | undefined; roleFilter?: "all" | "buyer_only" | "seller_only" | "both" | undefined; lastDocId?: string | undefined; }) => Promise<...>' is not assignable to parameter of type '(options?: { limit?: number | undefined; search?: string | undefined; roleFilter?: "all" | "buyer_only" | "seller_only" | "both" | undefined; lastDocId?: string | undefined; } | undefined) => Promise<...>'.
  Type 'Promise<{ success: boolean; error: string; data?: undefined; lastDocId?: undefined; hasMore?: undefined; } | { success: boolean; data: any[]; lastDocId: string | undefined; hasMore: boolean; error?: undefined; }>' is not assignable to type 'Promise<ActionResponse<unknown>>'.
    Type '{ success: boolean; error: string; data?: undefined; lastDocId?: undefined; hasMore?: undefined; } | { success: boolean; data: any[]; lastDocId: string | undefined; hasMore: boolean; error?: undefined; }' is not assignable to type 'ActionResponse<unknown>'.
      Type '{ success: boolean; data: any[]; lastDocId: string | undefined; hasMore: boolean; error?: undefined; }' is not assignable to type 'ActionResponse<unknown>'.
        Type '{ success: boolean; data: any[]; lastDocId: string | undefined; hasMore: boolean; error?: undefined; }' is not assignable to type '{ success: true; data?: unknown; }'.
          Types of property 'success' are incompatible.
            Type 'boolean' is not assignable to type 'true'.
src/app/actions/test-export-action.ts(7,17): error TS2339: Property 'data' does not exist on type 'ActionResponse<any[]>'.
  Property 'data' does not exist on type '{ success: false; error: string; }'.
src/app/actions/test-export-action.ts(7,55): error TS2339: Property 'data' does not exist on type 'ActionResponse<any[]>'.
  Property 'data' does not exist on type '{ success: false; error: string; }'.
src/app/actions/test-export-action.ts(8,17): error TS2339: Property 'error' does not exist on type 'ActionResponse<any[]>'.
  Property 'error' does not exist on type '{ success: true; data?: any[] | undefined; }'.
src/app/actions/test-export-action.ts(8,52): error TS2339: Property 'error' does not exist on type 'ActionResponse<any[]>'.
  Property 'error' does not exist on type '{ success: true; data?: any[] | undefined; }'.
src/app/admin/export/applications/page.tsx(229,40): error TS2339: Property 'error' does not exist on type 'ActionResponse<any[]>'.
  Property 'error' does not exist on type '{ success: true; data?: any[] | undefined; }'.
src/app/admin/export/page.tsx(42,42): error TS2339: Property 'exports' does not exist on type '{ success: true; data?: unknown; }'.
src/app/admin/export/page.tsx(44,39): error TS2339: Property 'exports' does not exist on type '{ success: true; data?: unknown; }'.
src/app/admin/export/page.tsx(46,60): error TS2339: Property 'exports' does not exist on type '{ success: true; data?: unknown; }'.
src/app/admin/export/page.tsx(49,35): error TS2339: Property 'hasMore' does not exist on type '{ success: true; data?: unknown; }'.
src/app/admin/export/page.tsx(52,28): error TS2339: Property 'exports' does not exist on type '{ success: true; data?: unknown; }'.
src/app/admin/export/page.tsx(53,45): error TS2339: Property 'exports' does not exist on type '{ success: true; data?: unknown; }'.
src/app/admin/export/page.tsx(53,60): error TS2339: Property 'exports' does not exist on type '{ success: true; data?: unknown; }'.
src/app/admin/export/page.tsx(57,37): error TS2339: Property 'error' does not exist on type 'ActionResponse<unknown>'.
  Property 'error' does not exist on type '{ success: true; data?: unknown; }'.
src/app/admin/export/page.tsx(58,34): error TS2339: Property 'error' does not exist on type 'ActionResponse<unknown>'.
  Property 'error' does not exist on type '{ success: true; data?: unknown; }'.
src/app/admin/marketplace/sellers/page.tsx(264,34): error TS2339: Property 'message' does not exist on type '{ success: true; data?: unknown; }'.
src/app/admin/settings/general/page.tsx(22,25): error TS2345: Argument of type 'ActionResponse<unknown>' is not assignable to parameter of type 'SetStateAction<{ platformName: string; supportEmail: string; contactPhone: string; defaultCurrency: string; maintenanceMode: boolean; }>'.
  Type '{ success: false; error: string; }' is not assignable to type 'SetStateAction<{ platformName: string; supportEmail: string; contactPhone: string; defaultCurrency: string; maintenanceMode: boolean; }>'.
src/app/admin/users/page.tsx(106,30): error TS2339: Property 'message' does not exist on type '{ success: true; data?: unknown; }'.
src/app/admin/users/page.tsx(573,82): error TS2339: Property 'message' does not exist on type '{ success: true; data?: unknown; }'.
src/components/admin/EnrollStudentModal.tsx(29,32): error TS2339: Property 'users' does not exist on type '{ success: true; data?: unknown; }'.
src/components/admin/EnrollStudentModal.tsx(30,26): error TS2339: Property 'users' does not exist on type '{ success: true; data?: unknown; }'.
src/components/admin/EnrollStudentModal.tsx(31,21): error TS2339: Property 'users' does not exist on type '{ success: true; data?: unknown; }'.
src/components/admin/EnrollStudentModal.tsx(35,27): error TS2339: Property 'error' does not exist on type 'ActionResponse<unknown>'.
  Property 'error' does not exist on type '{ success: true; data?: unknown; }'.
src/components/admin/ImportLegacyModal.tsx(34,24): error TS2339: Property 'error' does not exist on type '{ success: true; data?: unknown; }'.
src/components/admin/ImportLegacyModal.tsx(36,34): error TS2339: Property 'error' does not exist on type '{ success: true; data?: unknown; }'.
